TIME	KIND	STATUS	AGENT	RUN	ACTION
2026-09-14T22:43:10.940Z	agent_run	succeeded	main	b73e5d73-67ae-4d1…	agent.run.finished
2026-09-14T22:43:08.032Z	tool_action	succeeded	main	b73e5d73-67ae-4d1…	tool.action.finished:web_fetch
2026-09-14T22:43:07.943Z	tool_action	started	main	b73e5d73-67ae-4d1…	tool.action.started:web_fetch
2026-09-14T22:43:06.331Z	agent_run	started	main	b73e5d73-67ae-4d1…	agent.run.started
2026-09-14T22:33:45.900Z	agent_run	succeeded	main	03bb2dad-1314-40b…	agent.run.finished
2026-09-14T22:33:44.519Z	tool_action	succeeded	main	03bb2dad-1314-40b…	tool.action.finished:write
2026-09-14T22:33:44.514Z	tool_action	started	main	03bb2dad-1314-40b…	tool.action.started:write
2026-09-14T22:33:42.329Z	agent_run	started	main	03bb2dad-1314-40b…	agent.run.started
2026-09-14T22:27:38.270Z	agent_run	succeeded	main	7d51ce7d-e3d7-4a0…	agent.run.finished
2026-09-14T22:27:36.346Z	tool_action	succeeded	main	7d51ce7d-e3d7-4a0…	tool.action.finished:read
2026-09-14T22:27:36.341Z	tool_action	started	main	7d51ce7d-e3d7-4a0…	tool.action.started:read
2026-09-14T22:27:34.915Z	agent_run	started	main	7d51ce7d-e3d7-4a0…	agent.run.started
2026-09-14T22:21:28.058Z	agent_run	succeeded	main	11f87549-8126-4c7…	agent.run.finished
2026-09-14T22:21:15.484Z	agent_run	started	main	11f87549-8126-4c7…	agent.run.started
2026-09-14T22:18:19.895Z	agent_run	timed_out	main	3bd84873-bb9d-4c3…	agent.run.finished
2026-09-14T22:18:18.357Z	agent_run	started	main	3bd84873-bb9d-4c3…	agent.run.started
2026-09-11T03:28:59.580Z	agent_run	succeeded	main	6107c223-442e-4c1…	agent.run.finished
2026-09-11T03:28:58.148Z	agent_run	started	main	6107c223-442e-4c1…	agent.run.started
2026-09-11T03:28:25.093Z	agent_run	succeeded	main	137a33a0-6ac8-4ab…	agent.run.finished
2026-09-11T03:28:22.951Z	agent_run	started	main	137a33a0-6ac8-4ab…	agent.run.started
